[     407ms] [INFO] %cDownload the React DevTools for a better development experience: https://react.dev/link/react-devtools font-weight:bold @ http://localhost:4321/node_modules/.vite/deps/chunk-5DZLCMER.js?v=78cc034e:20102
[    1385ms] [WARNING] Failed to execute 'postMessage' on 'DOMWindow': The target origin provided ('https://giscus.app') does not match the recipient window's origin ('http://localhost:4321'). @ http://localhost:4321/src/components/Comments.astro?astro&type=script&index=0&lang.ts:4
[  317832ms] [INFO] %cDownload the React DevTools for a better development experience: https://react.dev/link/react-devtools font-weight:bold @ http://localhost:4321/node_modules/.vite/deps/chunk-5DZLCMER.js?v=78cc034e:20102
[  318803ms] [WARNING] Failed to execute 'postMessage' on 'DOMWindow': The target origin provided ('https://giscus.app') does not match the recipient window's origin ('http://localhost:4321'). @ http://localhost:4321/src/components/Comments.astro?astro&type=script&index=0&lang.ts:4
[  389771ms] [INFO] %cDownload the React DevTools for a better development experience: https://react.dev/link/react-devtools font-weight:bold @ http://localhost:4321/node_modules/.vite/deps/chunk-5DZLCMER.js?v=78cc034e:20102
[  390744ms] [WARNING] Failed to execute 'postMessage' on 'DOMWindow': The target origin provided ('https://giscus.app') does not match the recipient window's origin ('http://localhost:4321'). @ http://localhost:4321/src/components/Comments.astro?astro&type=script&index=0&lang.ts:4
[  416319ms] [INFO] %cDownload the React DevTools for a better development experience: https://react.dev/link/react-devtools font-weight:bold @ http://localhost:4321/node_modules/.vite/deps/chunk-5DZLCMER.js?v=78cc034e:20102
[  417247ms] [WARNING] Failed to execute 'postMessage' on 'DOMWindow': The target origin provided ('https://giscus.app') does not match the recipient window's origin ('http://localhost:4321'). @ http://localhost:4321/src/components/Comments.astro?astro&type=script&index=0&lang.ts:4
[  726422ms] [INFO] %cDownload the React DevTools for a better development experience: https://react.dev/link/react-devtools font-weight:bold @ http://localhost:4321/node_modules/.vite/deps/chunk-5DZLCMER.js?v=78cc034e:20102
[  727398ms] [WARNING] Failed to execute 'postMessage' on 'DOMWindow': The target origin provided ('https://giscus.app') does not match the recipient window's origin ('http://localhost:4321'). @ http://localhost:4321/src/components/Comments.astro?astro&type=script&index=0&lang.ts:4
[  822234ms] [INFO] %cDownload the React DevTools for a better development experience: https://react.dev/link/react-devtools font-weight:bold @ http://localhost:4321/node_modules/.vite/deps/chunk-5DZLCMER.js?v=78cc034e:20102
[  823213ms] [WARNING] Failed to execute 'postMessage' on 'DOMWindow': The target origin provided ('https://giscus.app') does not match the recipient window's origin ('http://localhost:4321'). @ http://localhost:4321/src/components/Comments.astro?astro&type=script&index=0&lang.ts:4
[  843320ms] [LOG] [vite] server connection lost. Polling for restart... @ http://localhost:4321/@vite/client:1695
[  843760ms] [INFO] %cDownload the React DevTools for a better development experience: https://react.dev/link/react-devtools font-weight:bold @ http://localhost:4321/node_modules/.vite/deps/chunk-5DZLCMER.js?v=78cc034e:20102
[  844734ms] [WARNING] Failed to execute 'postMessage' on 'DOMWindow': The target origin provided ('https://giscus.app') does not match the recipient window's origin ('http://localhost:4321'). @ http://localhost:4321/src/components/Comments.astro?astro&type=script&index=0&lang.ts:4
[  870127ms] [INFO] %cDownload the React DevTools for a better development experience: https://react.dev/link/react-devtools font-weight:bold @ http://localhost:4321/node_modules/.vite/deps/chunk-5DZLCMER.js?v=78cc034e:20102
[  871087ms] [WARNING] Failed to execute 'postMessage' on 'DOMWindow': The target origin provided ('https://giscus.app') does not match the recipient window's origin ('http://localhost:4321'). @ http://localhost:4321/src/components/Comments.astro?astro&type=script&index=0&lang.ts:4
[ 2291887ms] [INFO] %cDownload the React DevTools for a better development experience: https://react.dev/link/react-devtools font-weight:bold @ http://localhost:4321/node_modules/.vite/deps/chunk-5DZLCMER.js?v=78cc034e:20102
[ 2292876ms] [WARNING] Failed to execute 'postMessage' on 'DOMWindow': The target origin provided ('https://giscus.app') does not match the recipient window's origin ('http://localhost:4321'). @ http://localhost:4321/src/components/Comments.astro?astro&type=script&index=0&lang.ts:4
[ 2372510ms] [INFO] %cDownload the React DevTools for a better development experience: https://react.dev/link/react-devtools font-weight:bold @ http://localhost:4321/node_modules/.vite/deps/chunk-5DZLCMER.js?v=78cc034e:20102
[ 2373502ms] [WARNING] Failed to execute 'postMessage' on 'DOMWindow': The target origin provided ('https://giscus.app') does not match the recipient window's origin ('http://localhost:4321'). @ http://localhost:4321/src/components/Comments.astro?astro&type=script&index=0&lang.ts:4
[ 2411791ms] [INFO] %cDownload the React DevTools for a better development experience: https://react.dev/link/react-devtools font-weight:bold @ http://localhost:4321/node_modules/.vite/deps/chunk-5DZLCMER.js?v=78cc034e:20102
[ 2412775ms] [WARNING] Failed to execute 'postMessage' on 'DOMWindow': The target origin provided ('https://giscus.app') does not match the recipient window's origin ('http://localhost:4321'). @ http://localhost:4321/src/components/Comments.astro?astro&type=script&index=0&lang.ts:4
[ 2590597ms] [INFO] %cDownload the React DevTools for a better development experience: https://react.dev/link/react-devtools font-weight:bold @ http://localhost:4321/node_modules/.vite/deps/chunk-5DZLCMER.js?v=78cc034e:20102
[ 2591577ms] [WARNING] Failed to execute 'postMessage' on 'DOMWindow': The target origin provided ('https://giscus.app') does not match the recipient window's origin ('http://localhost:4321'). @ http://localhost:4321/src/components/Comments.astro?astro&type=script&index=0&lang.ts:4
[ 2647311ms] [INFO] %cDownload the React DevTools for a better development experience: https://react.dev/link/react-devtools font-weight:bold @ http://localhost:4321/node_modules/.vite/deps/chunk-5DZLCMER.js?v=78cc034e:20102
[ 2648293ms] [WARNING] Failed to execute 'postMessage' on 'DOMWindow': The target origin provided ('https://giscus.app') does not match the recipient window's origin ('http://localhost:4321'). @ http://localhost:4321/src/components/Comments.astro?astro&type=script&index=0&lang.ts:4
[ 2694023ms] [INFO] %cDownload the React DevTools for a better development experience: https://react.dev/link/react-devtools font-weight:bold @ http://localhost:4321/node_modules/.vite/deps/chunk-5DZLCMER.js?v=78cc034e:20102
[ 2694987ms] [WARNING] Failed to execute 'postMessage' on 'DOMWindow': The target origin provided ('https://giscus.app') does not match the recipient window's origin ('http://localhost:4321'). @ http://localhost:4321/src/components/Comments.astro?astro&type=script&index=0&lang.ts:4
[ 2838965ms] [INFO] %cDownload the React DevTools for a better development experience: https://react.dev/link/react-devtools font-weight:bold @ http://localhost:4321/node_modules/.vite/deps/chunk-5DZLCMER.js?v=78cc034e:20102
[ 2839953ms] [WARNING] Failed to execute 'postMessage' on 'DOMWindow': The target origin provided ('https://giscus.app') does not match the recipient window's origin ('http://localhost:4321'). @ http://localhost:4321/src/components/Comments.astro?astro&type=script&index=0&lang.ts:4
[ 2891482ms] [INFO] %cDownload the React DevTools for a better development experience: https://react.dev/link/react-devtools font-weight:bold @ http://localhost:4321/node_modules/.vite/deps/chunk-5DZLCMER.js?v=78cc034e:20102
[ 2892468ms] [WARNING] Failed to execute 'postMessage' on 'DOMWindow': The target origin provided ('https://giscus.app') does not match the recipient window's origin ('http://localhost:4321'). @ http://localhost:4321/src/components/Comments.astro?astro&type=script&index=0&lang.ts:4
[ 2931815ms] [INFO] %cDownload the React DevTools for a better development experience: https://react.dev/link/react-devtools font-weight:bold @ http://localhost:4321/node_modules/.vite/deps/chunk-5DZLCMER.js?v=78cc034e:20102
[ 2932794ms] [WARNING] Failed to execute 'postMessage' on 'DOMWindow': The target origin provided ('https://giscus.app') does not match the recipient window's origin ('http://localhost:4321'). @ http://localhost:4321/src/components/Comments.astro?astro&type=script&index=0&lang.ts:4
[ 3184789ms] [INFO] %cDownload the React DevTools for a better development experience: https://react.dev/link/react-devtools font-weight:bold @ http://localhost:4321/node_modules/.vite/deps/chunk-5DZLCMER.js?v=78cc034e:20102
[ 3185760ms] [WARNING] Failed to execute 'postMessage' on 'DOMWindow': The target origin provided ('https://giscus.app') does not match the recipient window's origin ('http://localhost:4321'). @ http://localhost:4321/src/components/Comments.astro?astro&type=script&index=0&lang.ts:4
[ 3244567ms] [INFO] %cDownload the React DevTools for a better development experience: https://react.dev/link/react-devtools font-weight:bold @ http://localhost:4321/node_modules/.vite/deps/chunk-5DZLCMER.js?v=78cc034e:20102
[ 3245566ms] [WARNING] Failed to execute 'postMessage' on 'DOMWindow': The target origin provided ('https://giscus.app') does not match the recipient window's origin ('http://localhost:4321'). @ http://localhost:4321/src/components/Comments.astro?astro&type=script&index=0&lang.ts:4
[ 3394409ms] [INFO] %cDownload the React DevTools for a better development experience: https://react.dev/link/react-devtools font-weight:bold @ http://localhost:4321/node_modules/.vite/deps/chunk-5DZLCMER.js?v=78cc034e:20102
[ 3395382ms] [WARNING] Failed to execute 'postMessage' on 'DOMWindow': The target origin provided ('https://giscus.app') does not match the recipient window's origin ('http://localhost:4321'). @ http://localhost:4321/src/components/Comments.astro?astro&type=script&index=0&lang.ts:4
[10256158ms] [LOG] [vite] server connection lost. Polling for restart... @ http://localhost:4321/@vite/client:1695
[10256762ms] [INFO] %cDownload the React DevTools for a better development experience: https://react.dev/link/react-devtools font-weight:bold @ http://localhost:4321/node_modules/.vite/deps/chunk-5DZLCMER.js?v=78cc034e:20102
[10257581ms] [WARNING] Failed to execute 'postMessage' on 'DOMWindow': The target origin provided ('https://giscus.app') does not match the recipient window's origin ('http://localhost:4321'). @ http://localhost:4321/src/components/Comments.astro?astro&type=script&index=0&lang.ts:4
[10414479ms] [LOG] [vite] server connection lost. Polling for restart... @ http://localhost:4321/@vite/client:1695
[10414771ms] [INFO] %cDownload the React DevTools for a better development experience: https://react.dev/link/react-devtools font-weight:bold @ http://localhost:4321/node_modules/.vite/deps/chunk-5DZLCMER.js?v=78cc034e:20102
[10415728ms] [WARNING] Failed to execute 'postMessage' on 'DOMWindow': The target origin provided ('https://giscus.app') does not match the recipient window's origin ('http://localhost:4321'). @ http://localhost:4321/src/components/Comments.astro?astro&type=script&index=0&lang.ts:4
[10950030ms] [LOG] [vite] server connection lost. Polling for restart... @ http://localhost:4321/@vite/client:1695
[10950193ms] [ERROR] Failed to load resource: net::ERR_INTERNET_DISCONNECTED @ https://giscus.app/default.css:0
[10950218ms] [ERROR] Failed to load resource: net::ERR_INTERNET_DISCONNECTED @ https://giscus.app/client.js:0
[10950269ms] [INFO] %cDownload the React DevTools for a better development experience: https://react.dev/link/react-devtools font-weight:bold @ http://localhost:4321/node_modules/.vite/deps/chunk-5DZLCMER.js?v=78cc034e:20102
[10951240ms] [WARNING] Failed to execute 'postMessage' on 'DOMWindow': The target origin provided ('https://giscus.app') does not match the recipient window's origin ('http://localhost:4321'). @ http://localhost:4321/src/components/Comments.astro?astro&type=script&index=0&lang.ts:4
[10968887ms] [LOG] [vite] server connection lost. Polling for restart... @ http://localhost:4321/@vite/client:1695
[10969173ms] [ERROR] Failed to load resource: net::ERR_INTERNET_DISCONNECTED @ https://giscus.app/default.css:0
[10969174ms] [ERROR] Failed to load resource: net::ERR_INTERNET_DISCONNECTED @ https://giscus.app/client.js:0
[10969359ms] [INFO] %cDownload the React DevTools for a better development experience: https://react.dev/link/react-devtools font-weight:bold @ http://localhost:4321/node_modules/.vite/deps/chunk-5DZLCMER.js?v=78cc034e:20102
[10970318ms] [WARNING] Failed to execute 'postMessage' on 'DOMWindow': The target origin provided ('https://giscus.app') does not match the recipient window's origin ('http://localhost:4321'). @ http://localhost:4321/src/components/Comments.astro?astro&type=script&index=0&lang.ts:4
[12547239ms] [LOG] [vite] server connection lost. Polling for restart... @ http://localhost:4321/@vite/client:1695
[12547518ms] [INFO] %cDownload the React DevTools for a better development experience: https://react.dev/link/react-devtools font-weight:bold @ http://localhost:4321/node_modules/.vite/deps/chunk-5DZLCMER.js?v=78cc034e:20102
[12548502ms] [WARNING] Failed to execute 'postMessage' on 'DOMWindow': The target origin provided ('https://giscus.app') does not match the recipient window's origin ('http://localhost:4321'). @ http://localhost:4321/src/components/Comments.astro?astro&type=script&index=0&lang.ts:4
[12955093ms] [LOG] [vite] server connection lost. Polling for restart... @ http://localhost:4321/@vite/client:1695
[12955403ms] [INFO] %cDownload the React DevTools for a better development experience: https://react.dev/link/react-devtools font-weight:bold @ http://localhost:4321/node_modules/.vite/deps/chunk-5DZLCMER.js?v=78cc034e:20102
[12956381ms] [WARNING] Failed to execute 'postMessage' on 'DOMWindow': The target origin provided ('https://giscus.app') does not match the recipient window's origin ('http://localhost:4321'). @ http://localhost:4321/src/components/Comments.astro?astro&type=script&index=0&lang.ts:4
[13578223ms] [INFO] %cDownload the React DevTools for a better development experience: https://react.dev/link/react-devtools font-weight:bold @ http://localhost:4321/node_modules/.vite/deps/chunk-5DZLCMER.js?v=78cc034e:20102
[13579015ms] [INFO] %cDownload the React DevTools for a better development experience: https://react.dev/link/react-devtools font-weight:bold @ http://localhost:4321/node_modules/.vite/deps/chunk-5DZLCMER.js?v=78cc034e:20102
[13579950ms] [INFO] %cDownload the React DevTools for a better development experience: https://react.dev/link/react-devtools font-weight:bold @ http://localhost:4321/node_modules/.vite/deps/chunk-5DZLCMER.js?v=78cc034e:20102
[13580787ms] [INFO] %cDownload the React DevTools for a better development experience: https://react.dev/link/react-devtools font-weight:bold @ http://localhost:4321/node_modules/.vite/deps/chunk-5DZLCMER.js?v=78cc034e:20102
[13581792ms] [WARNING] Failed to execute 'postMessage' on 'DOMWindow': The target origin provided ('https://giscus.app') does not match the recipient window's origin ('http://localhost:4321'). @ http://localhost:4321/src/components/Comments.astro?astro&type=script&index=0&lang.ts:4
[13596917ms] [INFO] %cDownload the React DevTools for a better development experience: https://react.dev/link/react-devtools font-weight:bold @ http://localhost:4321/node_modules/.vite/deps/chunk-5DZLCMER.js?v=78cc034e:20102
[13597579ms] [INFO] %cDownload the React DevTools for a better development experience: https://react.dev/link/react-devtools font-weight:bold @ http://localhost:4321/node_modules/.vite/deps/chunk-5DZLCMER.js?v=78cc034e:20102
[13598209ms] [INFO] %cDownload the React DevTools for a better development experience: https://react.dev/link/react-devtools font-weight:bold @ http://localhost:4321/node_modules/.vite/deps/chunk-5DZLCMER.js?v=78cc034e:20102
[13598808ms] [INFO] %cDownload the React DevTools for a better development experience: https://react.dev/link/react-devtools font-weight:bold @ http://localhost:4321/node_modules/.vite/deps/chunk-5DZLCMER.js?v=78cc034e:20102
[13599490ms] [INFO] %cDownload the React DevTools for a better development experience: https://react.dev/link/react-devtools font-weight:bold @ http://localhost:4321/node_modules/.vite/deps/chunk-5DZLCMER.js?v=78cc034e:20102
[13600473ms] [WARNING] Failed to execute 'postMessage' on 'DOMWindow': The target origin provided ('https://giscus.app') does not match the recipient window's origin ('http://localhost:4321'). @ http://localhost:4321/src/components/Comments.astro?astro&type=script&index=0&lang.ts:4
[13612726ms] [INFO] %cDownload the React DevTools for a better development experience: https://react.dev/link/react-devtools font-weight:bold @ http://localhost:4321/node_modules/.vite/deps/chunk-5DZLCMER.js?v=78cc034e:20102
[13613421ms] [INFO] %cDownload the React DevTools for a better development experience: https://react.dev/link/react-devtools font-weight:bold @ http://localhost:4321/node_modules/.vite/deps/chunk-5DZLCMER.js?v=78cc034e:20102
[13614102ms] [INFO] %cDownload the React DevTools for a better development experience: https://react.dev/link/react-devtools font-weight:bold @ http://localhost:4321/node_modules/.vite/deps/chunk-5DZLCMER.js?v=78cc034e:20102
[13614831ms] [INFO] %cDownload the React DevTools for a better development experience: https://react.dev/link/react-devtools font-weight:bold @ http://localhost:4321/node_modules/.vite/deps/chunk-5DZLCMER.js?v=78cc034e:20102
[13615423ms] [INFO] %cDownload the React DevTools for a better development experience: https://react.dev/link/react-devtools font-weight:bold @ http://localhost:4321/node_modules/.vite/deps/chunk-5DZLCMER.js?v=78cc034e:20102
[13616400ms] [WARNING] Failed to execute 'postMessage' on 'DOMWindow': The target origin provided ('https://giscus.app') does not match the recipient window's origin ('http://localhost:4321'). @ http://localhost:4321/src/components/Comments.astro?astro&type=script&index=0&lang.ts:4
[13632278ms] [INFO] %cDownload the React DevTools for a better development experience: https://react.dev/link/react-devtools font-weight:bold @ http://localhost:4321/node_modules/.vite/deps/chunk-5DZLCMER.js?v=78cc034e:20102
[13633120ms] [INFO] %cDownload the React DevTools for a better development experience: https://react.dev/link/react-devtools font-weight:bold @ http://localhost:4321/node_modules/.vite/deps/chunk-5DZLCMER.js?v=78cc034e:20102
[13633908ms] [INFO] %cDownload the React DevTools for a better development experience: https://react.dev/link/react-devtools font-weight:bold @ http://localhost:4321/node_modules/.vite/deps/chunk-5DZLCMER.js?v=78cc034e:20102
[13634585ms] [INFO] %cDownload the React DevTools for a better development experience: https://react.dev/link/react-devtools font-weight:bold @ http://localhost:4321/node_modules/.vite/deps/chunk-5DZLCMER.js?v=78cc034e:20102
[13635141ms] [INFO] %cDownload the React DevTools for a better development experience: https://react.dev/link/react-devtools font-weight:bold @ http://localhost:4321/node_modules/.vite/deps/chunk-5DZLCMER.js?v=78cc034e:20102
[13635752ms] [INFO] %cDownload the React DevTools for a better development experience: https://react.dev/link/react-devtools font-weight:bold @ http://localhost:4321/node_modules/.vite/deps/chunk-5DZLCMER.js?v=78cc034e:20102
[13636478ms] [INFO] %cDownload the React DevTools for a better development experience: https://react.dev/link/react-devtools font-weight:bold @ http://localhost:4321/node_modules/.vite/deps/chunk-5DZLCMER.js?v=78cc034e:20102
[13637203ms] [INFO] %cDownload the React DevTools for a better development experience: https://react.dev/link/react-devtools font-weight:bold @ http://localhost:4321/node_modules/.vite/deps/chunk-5DZLCMER.js?v=78cc034e:20102
[13637902ms] [INFO] %cDownload the React DevTools for a better development experience: https://react.dev/link/react-devtools font-weight:bold @ http://localhost:4321/node_modules/.vite/deps/chunk-5DZLCMER.js?v=78cc034e:20102
[13638872ms] [WARNING] Failed to execute 'postMessage' on 'DOMWindow': The target origin provided ('https://giscus.app') does not match the recipient window's origin ('http://localhost:4321'). @ http://localhost:4321/src/components/Comments.astro?astro&type=script&index=0&lang.ts:4
[13672690ms] [INFO] %cDownload the React DevTools for a better development experience: https://react.dev/link/react-devtools font-weight:bold @ http://localhost:4321/node_modules/.vite/deps/chunk-5DZLCMER.js?v=78cc034e:20102
[13673658ms] [WARNING] Failed to execute 'postMessage' on 'DOMWindow': The target origin provided ('https://giscus.app') does not match the recipient window's origin ('http://localhost:4321'). @ http://localhost:4321/src/components/Comments.astro?astro&type=script&index=0&lang.ts:4
