[     145ms] [INFO] %cDownload the React DevTools for a better development experience: https://react.dev/link/react-devtools font-weight:bold @ http://localhost:4321/node_modules/.vite/deps/@astrojs_react_client__js.js?v=efa8e5d3:20103
[     170ms] TypeError: Cannot read properties of null (reading 'src')
    at https://giscus.app/client.js:1:403
    at https://giscus.app/client.js:7:500
[ 1074720ms] [INFO] %cDownload the React DevTools for a better development experience: https://react.dev/link/react-devtools font-weight:bold @ http://localhost:4321/node_modules/.vite/deps/@astrojs_react_client__js.js?v=efa8e5d3:20103
[ 1075003ms] TypeError: Cannot read properties of null (reading 'src')
    at https://giscus.app/client.js:1:403
    at https://giscus.app/client.js:7:500
[ 1198435ms] [ERROR] Failed to load resource: the server responded with a status of 500 (Internal Server Error) @ http://localhost:4321/src/components/Resume/Hero.astro?astro&type=script&index=0&lang.ts:0
[ 1198471ms] TypeError: Cannot read properties of null (reading 'src')
    at https://giscus.app/client.js:1:403
    at https://giscus.app/client.js:7:500
[ 1198528ms] [INFO] %cDownload the React DevTools for a better development experience: https://react.dev/link/react-devtools font-weight:bold @ http://localhost:4321/node_modules/.vite/deps/@astrojs_react_client__js.js?v=efa8e5d3:20103
[ 1198913ms] [ERROR] Failed to load resource: the server responded with a status of 500 (Internal Server Error) @ http://localhost:4321/src/components/Resume/Hero.astro?astro&type=script&index=0&lang.ts:0
[ 1198960ms] TypeError: Cannot read properties of null (reading 'src')
    at https://giscus.app/client.js:1:403
    at https://giscus.app/client.js:7:500
[ 1199047ms] [INFO] %cDownload the React DevTools for a better development experience: https://react.dev/link/react-devtools font-weight:bold @ http://localhost:4321/node_modules/.vite/deps/chunk-5DZLCMER.js?v=2e6b29e0:20102
[ 1207128ms] [ERROR] Failed to load resource: the server responded with a status of 500 (Internal Server Error) @ http://localhost:4321/src/components/Resume/Hero.astro?astro&type=script&index=0&lang.ts:0
[ 1207161ms] TypeError: Cannot read properties of null (reading 'src')
    at https://giscus.app/client.js:1:403
    at https://giscus.app/client.js:7:500
[ 1207186ms] [INFO] %cDownload the React DevTools for a better development experience: https://react.dev/link/react-devtools font-weight:bold @ http://localhost:4321/node_modules/.vite/deps/chunk-5DZLCMER.js?v=2e6b29e0:20102
[ 1218246ms] [ERROR] Failed to load resource: the server responded with a status of 500 (Internal Server Error) @ http://localhost:4321/src/components/Resume/Hero.astro?astro&type=script&index=0&lang.ts:0
[ 1218255ms] TypeError: Cannot read properties of null (reading 'src')
    at https://giscus.app/client.js:1:403
    at https://giscus.app/client.js:7:500
[ 1218280ms] [INFO] %cDownload the React DevTools for a better development experience: https://react.dev/link/react-devtools font-weight:bold @ http://localhost:4321/node_modules/.vite/deps/chunk-5DZLCMER.js?v=2e6b29e0:20102
[ 1317728ms] [ERROR] Failed to load resource: the server responded with a status of 500 (Internal Server Error) @ http://localhost:4321/src/components/Resume/Hero.astro?astro&type=script&index=0&lang.ts:0
[ 1317737ms] TypeError: Cannot read properties of null (reading 'src')
    at https://giscus.app/client.js:1:403
    at https://giscus.app/client.js:7:500
[ 1317814ms] [INFO] %cDownload the React DevTools for a better development experience: https://react.dev/link/react-devtools font-weight:bold @ http://localhost:4321/node_modules/.vite/deps/chunk-5DZLCMER.js?v=2e6b29e0:20102
[ 1326084ms] [ERROR] Failed to load resource: the server responded with a status of 500 (Internal Server Error) @ http://localhost:4321/src/components/Resume/Hero.astro?astro&type=script&index=0&lang.ts:0
[ 1326159ms] [ERROR] Failed to load resource: the server responded with a status of 404 (Not Found) @ http://localhost:4321/components/Canvas/CursorTrail.tsx:0
[ 1326160ms] Failed to fetch dynamically imported module: http://localhost:4321/components/Canvas/CursorTrail.tsx
[ 1326188ms] TypeError: Cannot read properties of null (reading 'src')
    at https://giscus.app/client.js:1:403
    at https://giscus.app/client.js:7:500
[ 1326200ms] [INFO] %cDownload the React DevTools for a better development experience: https://react.dev/link/react-devtools font-weight:bold @ http://localhost:4321/node_modules/.vite/deps/chunk-5DZLCMER.js?v=2e6b29e0:20102
[ 1332594ms] [ERROR] Failed to load resource: the server responded with a status of 500 (Internal Server Error) @ http://localhost:4321/src/components/Resume/Hero.astro?astro&type=script&index=0&lang.ts:0
[ 1332599ms] [ERROR] Failed to load resource: the server responded with a status of 404 (Not Found) @ http://localhost:4321/components/Canvas/CursorTrail.tsx:0
[ 1332601ms] Failed to fetch dynamically imported module: http://localhost:4321/components/Canvas/CursorTrail.tsx
[ 1332648ms] [INFO] %cDownload the React DevTools for a better development experience: https://react.dev/link/react-devtools font-weight:bold @ http://localhost:4321/node_modules/.vite/deps/chunk-5DZLCMER.js?v=2e6b29e0:20102
[ 1332695ms] TypeError: Cannot read properties of null (reading 'src')
    at https://giscus.app/client.js:1:403
    at https://giscus.app/client.js:7:500
[ 1336575ms] [ERROR] Failed to load resource: the server responded with a status of 404 (Not Found) @ http://localhost:4321/components/Canvas/CursorTrail.tsx:0
[ 1336576ms] [ERROR] Failed to load resource: the server responded with a status of 500 (Internal Server Error) @ http://localhost:4321/src/components/Resume/Hero.astro?astro&type=script&index=0&lang.ts:0
[ 1336578ms] Failed to fetch dynamically imported module: http://localhost:4321/components/Canvas/CursorTrail.tsx
[ 1336609ms] [INFO] %cDownload the React DevTools for a better development experience: https://react.dev/link/react-devtools font-weight:bold @ http://localhost:4321/node_modules/.vite/deps/chunk-5DZLCMER.js?v=2e6b29e0:20102
[ 1336642ms] TypeError: Cannot read properties of null (reading 'src')
    at https://giscus.app/client.js:1:403
    at https://giscus.app/client.js:7:500
[ 1354334ms] [ERROR] Failed to load resource: the server responded with a status of 404 (Not Found) @ http://localhost:4321/components/Canvas/CursorTrail.tsx:0
[ 1354334ms] Failed to fetch dynamically imported module: http://localhost:4321/components/Canvas/CursorTrail.tsx
[ 1354340ms] [ERROR] Failed to load resource: the server responded with a status of 500 (Internal Server Error) @ http://localhost:4321/src/components/Resume/Hero.astro?astro&type=script&index=0&lang.ts:0
[ 1354360ms] TypeError: Cannot read properties of null (reading 'src')
    at https://giscus.app/client.js:1:403
    at https://giscus.app/client.js:7:500
[ 1354408ms] [INFO] %cDownload the React DevTools for a better development experience: https://react.dev/link/react-devtools font-weight:bold @ http://localhost:4321/node_modules/.vite/deps/chunk-5DZLCMER.js?v=2e6b29e0:20102
[ 1360095ms] [ERROR] Failed to load resource: the server responded with a status of 404 (Not Found) @ http://localhost:4321/components/Canvas/CursorTrail.tsx:0
[ 1360095ms] Failed to fetch dynamically imported module: http://localhost:4321/components/Canvas/CursorTrail.tsx
[ 1360101ms] [ERROR] Failed to load resource: the server responded with a status of 500 (Internal Server Error) @ http://localhost:4321/src/components/Resume/Hero.astro?astro&type=script&index=0&lang.ts:0
[ 1360111ms] [INFO] %cDownload the React DevTools for a better development experience: https://react.dev/link/react-devtools font-weight:bold @ http://localhost:4321/node_modules/.vite/deps/chunk-5DZLCMER.js?v=2e6b29e0:20102
[ 1360137ms] TypeError: Cannot read properties of null (reading 'src')
    at https://giscus.app/client.js:1:403
    at https://giscus.app/client.js:7:500
[ 1369219ms] [ERROR] Failed to load resource: the server responded with a status of 404 (Not Found) @ http://localhost:4321/components/Canvas/CursorTrail.tsx:0
[ 1369220ms] [ERROR] Failed to load resource: the server responded with a status of 500 (Internal Server Error) @ http://localhost:4321/src/components/Resume/Hero.astro?astro&type=script&index=0&lang.ts:0
[ 1369222ms] Failed to fetch dynamically imported module: http://localhost:4321/components/Canvas/CursorTrail.tsx
[ 1369253ms] [INFO] %cDownload the React DevTools for a better development experience: https://react.dev/link/react-devtools font-weight:bold @ http://localhost:4321/node_modules/.vite/deps/chunk-5DZLCMER.js?v=2e6b29e0:20102
[ 1369285ms] TypeError: Cannot read properties of null (reading 'src')
    at https://giscus.app/client.js:1:403
    at https://giscus.app/client.js:7:500
[ 1391725ms] [ERROR] Failed to load resource: the server responded with a status of 500 (Internal Server Error) @ http://localhost:4321/src/components/Resume/Hero.astro?astro&type=script&index=0&lang.ts:0
[ 1391733ms] [ERROR] Failed to load resource: the server responded with a status of 404 (Not Found) @ http://localhost:4321/components/Canvas/CursorTrail.tsx:0
[ 1391734ms] Failed to fetch dynamically imported module: http://localhost:4321/components/Canvas/CursorTrail.tsx
[ 1391826ms] [INFO] %cDownload the React DevTools for a better development experience: https://react.dev/link/react-devtools font-weight:bold @ http://localhost:4321/node_modules/.vite/deps/chunk-5DZLCMER.js?v=2e6b29e0:20102
[ 1392223ms] TypeError: Cannot read properties of null (reading 'src')
    at https://giscus.app/client.js:1:403
    at https://giscus.app/client.js:7:500
[ 1505109ms] [LOG] [vite] server connection lost. Polling for restart... @ http://localhost:4321/@vite/client:1695
[ 1505228ms] [ERROR] Failed to load resource: the server responded with a status of 500 (Internal Server Error) @ http://localhost:4321/src/components/Resume/Hero.astro?astro&type=script&index=0&lang.ts:0
[ 1505229ms] [ERROR] Failed to load resource: the server responded with a status of 404 (Not Found) @ http://localhost:4321/components/Canvas/CursorTrail.tsx:0
[ 1505230ms] Failed to fetch dynamically imported module: http://localhost:4321/components/Canvas/CursorTrail.tsx
[ 1505289ms] [INFO] %cDownload the React DevTools for a better development experience: https://react.dev/link/react-devtools font-weight:bold @ http://localhost:4321/node_modules/.vite/deps/chunk-5DZLCMER.js?v=2e6b29e0:20102
[ 1505320ms] TypeError: Cannot read properties of null (reading 'src')
    at https://giscus.app/client.js:1:403
    at https://giscus.app/client.js:7:500
[ 1519640ms] [ERROR] Failed to load resource: the server responded with a status of 500 (Internal Server Error) @ http://localhost:4321/src/components/Resume/Hero.astro?astro&type=script&index=0&lang.ts:0
[ 1519655ms] [ERROR] Failed to load resource: the server responded with a status of 404 (Not Found) @ http://localhost:4321/components/Canvas/CursorTrail.tsx:0
[ 1519655ms] Failed to fetch dynamically imported module: http://localhost:4321/components/Canvas/CursorTrail.tsx
[ 1519749ms] [INFO] %cDownload the React DevTools for a better development experience: https://react.dev/link/react-devtools font-weight:bold @ http://localhost:4321/node_modules/.vite/deps/chunk-5DZLCMER.js?v=2e6b29e0:20102
[ 1520103ms] TypeError: Cannot read properties of null (reading 'src')
    at https://giscus.app/client.js:1:403
    at https://giscus.app/client.js:7:500
[ 1585322ms] [LOG] [vite] server connection lost. Polling for restart... @ http://localhost:4321/@vite/client:1695
[ 1585436ms] [ERROR] Failed to load resource: the server responded with a status of 500 (Internal Server Error) @ http://localhost:4321/src/components/Resume/Hero.astro?astro&type=script&index=0&lang.ts:0
[ 1585442ms] [ERROR] Failed to load resource: the server responded with a status of 404 (Not Found) @ http://localhost:4321/components/Canvas/CursorTrail.tsx:0
[ 1585444ms] Failed to fetch dynamically imported module: http://localhost:4321/components/Canvas/CursorTrail.tsx
[ 1585484ms] TypeError: Cannot read properties of null (reading 'src')
    at https://giscus.app/client.js:1:403
    at https://giscus.app/client.js:7:500
[ 1585520ms] [INFO] %cDownload the React DevTools for a better development experience: https://react.dev/link/react-devtools font-weight:bold @ http://localhost:4321/node_modules/.vite/deps/chunk-5DZLCMER.js?v=2e6b29e0:20102
