[  205965ms] [ERROR] Failed to load resource: the server responded with a status of 504 (Outdated Optimize Dep) @ http://localhost:4321/node_modules/.vite/deps/react-dom_client.js?v=beb85d74:0
[  206027ms] TypeError: jsxDEV is not a function
    at RadarChart (http://localhost:4321/src/components/Resume/RadarChart.tsx:50:31)
    at renderWithHooks (http://localhost:4321/node_modules/.vite/deps/@astrojs_react_client__js.js?v=e1c8c5f3:3521:25)
    at updateFunctionComponent (http://localhost:4321/node_modules/.vite/deps/@astrojs_react_client__js.js?v=e1c8c5f3:5152:19)
    at beginWork (http://localhost:4321/node_modules/.vite/deps/@astrojs_react_client__js.js?v=e1c8c5f3:5763:18)
    at performUnitOfWork (http://localhost:4321/node_modules/.vite/deps/@astrojs_react_client__js.js?v=e1c8c5f3:8568:18)
    at workLoopSync (http://localhost:4321/node_modules/.vite/deps/@astrojs_react_client__js.js?v=e1c8c5f3:8466:41)
    at renderRootSync (http://localhost:4321/node_modules/.vite/deps/@astrojs_react_client__js.js?v=e1c8c5f3:8450:11)
    at performWorkOnRoot (http://localhost:4321/node_modules/.vite/deps/@astrojs_react_client__js.js?v=e1c8c5f3:8125:44)
    at performWorkOnRootViaSchedulerTask (http://localhost:4321/node_modules/.vite/deps/@astrojs_react_client__js.js?v=e1c8c5f3:9129:7)
    at MessagePort.performWorkUntilDeadline (http://localhost:4321/node_modules/.vite/deps/@astrojs_react_client__js.js?v=e1c8c5f3:123:48)
[  206027ms] Failed to fetch dynamically imported module: http://localhost:4321/node_modules/.vite/deps/react-dom_client.js?v=beb85d74
[  206027ms] TypeError: jsxDEV is not a function
    at Timeline (http://localhost:4321/src/components/Resume/Timeline.tsx:29:27)
    at renderWithHooks (http://localhost:4321/node_modules/.vite/deps/@astrojs_react_client__js.js?v=e1c8c5f3:3521:25)
    at updateFunctionComponent (http://localhost:4321/node_modules/.vite/deps/@astrojs_react_client__js.js?v=e1c8c5f3:5152:19)
    at beginWork (http://localhost:4321/node_modules/.vite/deps/@astrojs_react_client__js.js?v=e1c8c5f3:5763:18)
    at performUnitOfWork (http://localhost:4321/node_modules/.vite/deps/@astrojs_react_client__js.js?v=e1c8c5f3:8568:18)
    at workLoopSync (http://localhost:4321/node_modules/.vite/deps/@astrojs_react_client__js.js?v=e1c8c5f3:8466:41)
    at renderRootSync (http://localhost:4321/node_modules/.vite/deps/@astrojs_react_client__js.js?v=e1c8c5f3:8450:11)
    at performWorkOnRoot (http://localhost:4321/node_modules/.vite/deps/@astrojs_react_client__js.js?v=e1c8c5f3:8125:44)
    at performWorkOnRootViaSchedulerTask (http://localhost:4321/node_modules/.vite/deps/@astrojs_react_client__js.js?v=e1c8c5f3:9129:7)
    at MessagePort.performWorkUntilDeadline (http://localhost:4321/node_modules/.vite/deps/@astrojs_react_client__js.js?v=e1c8c5f3:123:48)
[  206081ms] TypeError: jsxDEV is not a function
    at SkillTree (http://localhost:4321/src/components/Resume/SkillTree.tsx:77:25)
    at renderWithHooks (http://localhost:4321/node_modules/.vite/deps/@astrojs_react_client__js.js?v=e1c8c5f3:3521:25)
    at updateFunctionComponent (http://localhost:4321/node_modules/.vite/deps/@astrojs_react_client__js.js?v=e1c8c5f3:5152:19)
    at beginWork (http://localhost:4321/node_modules/.vite/deps/@astrojs_react_client__js.js?v=e1c8c5f3:5763:18)
    at performUnitOfWork (http://localhost:4321/node_modules/.vite/deps/@astrojs_react_client__js.js?v=e1c8c5f3:8568:18)
    at workLoopSync (http://localhost:4321/node_modules/.vite/deps/@astrojs_react_client__js.js?v=e1c8c5f3:8466:41)
    at renderRootSync (http://localhost:4321/node_modules/.vite/deps/@astrojs_react_client__js.js?v=e1c8c5f3:8450:11)
    at performWorkOnRoot (http://localhost:4321/node_modules/.vite/deps/@astrojs_react_client__js.js?v=e1c8c5f3:8125:44)
    at performWorkOnRootViaSchedulerTask (http://localhost:4321/node_modules/.vite/deps/@astrojs_react_client__js.js?v=e1c8c5f3:9129:7)
    at MessagePort.performWorkUntilDeadline (http://localhost:4321/node_modules/.vite/deps/@astrojs_react_client__js.js?v=e1c8c5f3:123:48)
[  206083ms] TypeError: jsxDEV is not a function
    at http://localhost:4321/src/components/Resume/ProjectCard.tsx:33:31
    at Array.map (<anonymous>)
    at ProjectCard (http://localhost:4321/src/components/Resume/ProjectCard.tsx:23:148)
    at renderWithHooks (http://localhost:4321/node_modules/.vite/deps/@astrojs_react_client__js.js?v=e1c8c5f3:3521:25)
    at updateFunctionComponent (http://localhost:4321/node_modules/.vite/deps/@astrojs_react_client__js.js?v=e1c8c5f3:5152:19)
    at beginWork (http://localhost:4321/node_modules/.vite/deps/@astrojs_react_client__js.js?v=e1c8c5f3:5763:18)
    at performUnitOfWork (http://localhost:4321/node_modules/.vite/deps/@astrojs_react_client__js.js?v=e1c8c5f3:8568:18)
    at workLoopSync (http://localhost:4321/node_modules/.vite/deps/@astrojs_react_client__js.js?v=e1c8c5f3:8466:41)
    at renderRootSync (http://localhost:4321/node_modules/.vite/deps/@astrojs_react_client__js.js?v=e1c8c5f3:8450:11)
    at performWorkOnRoot (http://localhost:4321/node_modules/.vite/deps/@astrojs_react_client__js.js?v=e1c8c5f3:8125:44)
[  206902ms] [WARNING] Failed to execute 'postMessage' on 'DOMWindow': The target origin provided ('https://giscus.app') does not match the recipient window's origin ('http://localhost:4321'). @ http://localhost:4321/src/components/Comments.astro?astro&type=script&index=0&lang.ts:4
[  237139ms] TypeError: jsxDEV is not a function
    at Timeline (http://localhost:4321/src/components/Resume/Timeline.tsx:29:27)
    at renderWithHooks (http://localhost:4321/node_modules/.vite/deps/@astrojs_react_client__js.js?v=e1c8c5f3:3521:25)
    at updateFunctionComponent (http://localhost:4321/node_modules/.vite/deps/@astrojs_react_client__js.js?v=e1c8c5f3:5152:19)
    at beginWork (http://localhost:4321/node_modules/.vite/deps/@astrojs_react_client__js.js?v=e1c8c5f3:5763:18)
    at performUnitOfWork (http://localhost:4321/node_modules/.vite/deps/@astrojs_react_client__js.js?v=e1c8c5f3:8568:18)
    at workLoopSync (http://localhost:4321/node_modules/.vite/deps/@astrojs_react_client__js.js?v=e1c8c5f3:8466:41)
    at renderRootSync (http://localhost:4321/node_modules/.vite/deps/@astrojs_react_client__js.js?v=e1c8c5f3:8450:11)
    at performWorkOnRoot (http://localhost:4321/node_modules/.vite/deps/@astrojs_react_client__js.js?v=e1c8c5f3:8125:44)
    at performWorkOnRootViaSchedulerTask (http://localhost:4321/node_modules/.vite/deps/@astrojs_react_client__js.js?v=e1c8c5f3:9129:7)
    at MessagePort.performWorkUntilDeadline (http://localhost:4321/node_modules/.vite/deps/@astrojs_react_client__js.js?v=e1c8c5f3:123:48)
[  237146ms] TypeError: jsxDEV is not a function
    at http://localhost:4321/src/components/Resume/ProjectCard.tsx:33:31
    at Array.map (<anonymous>)
    at ProjectCard (http://localhost:4321/src/components/Resume/ProjectCard.tsx:23:148)
    at renderWithHooks (http://localhost:4321/node_modules/.vite/deps/@astrojs_react_client__js.js?v=e1c8c5f3:3521:25)
    at updateFunctionComponent (http://localhost:4321/node_modules/.vite/deps/@astrojs_react_client__js.js?v=e1c8c5f3:5152:19)
    at beginWork (http://localhost:4321/node_modules/.vite/deps/@astrojs_react_client__js.js?v=e1c8c5f3:5763:18)
    at performUnitOfWork (http://localhost:4321/node_modules/.vite/deps/@astrojs_react_client__js.js?v=e1c8c5f3:8568:18)
    at workLoopSync (http://localhost:4321/node_modules/.vite/deps/@astrojs_react_client__js.js?v=e1c8c5f3:8466:41)
    at renderRootSync (http://localhost:4321/node_modules/.vite/deps/@astrojs_react_client__js.js?v=e1c8c5f3:8450:11)
    at performWorkOnRoot (http://localhost:4321/node_modules/.vite/deps/@astrojs_react_client__js.js?v=e1c8c5f3:8125:44)
[  237147ms] TypeError: jsxDEV is not a function
    at RadarChart (http://localhost:4321/src/components/Resume/RadarChart.tsx:50:31)
    at renderWithHooks (http://localhost:4321/node_modules/.vite/deps/@astrojs_react_client__js.js?v=e1c8c5f3:3521:25)
    at updateFunctionComponent (http://localhost:4321/node_modules/.vite/deps/@astrojs_react_client__js.js?v=e1c8c5f3:5152:19)
    at beginWork (http://localhost:4321/node_modules/.vite/deps/@astrojs_react_client__js.js?v=e1c8c5f3:5763:18)
    at performUnitOfWork (http://localhost:4321/node_modules/.vite/deps/@astrojs_react_client__js.js?v=e1c8c5f3:8568:18)
    at workLoopSync (http://localhost:4321/node_modules/.vite/deps/@astrojs_react_client__js.js?v=e1c8c5f3:8466:41)
    at renderRootSync (http://localhost:4321/node_modules/.vite/deps/@astrojs_react_client__js.js?v=e1c8c5f3:8450:11)
    at performWorkOnRoot (http://localhost:4321/node_modules/.vite/deps/@astrojs_react_client__js.js?v=e1c8c5f3:8125:44)
    at performWorkOnRootViaSchedulerTask (http://localhost:4321/node_modules/.vite/deps/@astrojs_react_client__js.js?v=e1c8c5f3:9129:7)
    at MessagePort.performWorkUntilDeadline (http://localhost:4321/node_modules/.vite/deps/@astrojs_react_client__js.js?v=e1c8c5f3:123:48)
[  237147ms] [ERROR] Failed to load resource: the server responded with a status of 504 (Outdated Optimize Dep) @ http://localhost:4321/node_modules/.vite/deps/react-dom_client.js?v=beb85d74:0
[  237148ms] TypeError: jsxDEV is not a function
    at SkillTree (http://localhost:4321/src/components/Resume/SkillTree.tsx:77:25)
    at renderWithHooks (http://localhost:4321/node_modules/.vite/deps/@astrojs_react_client__js.js?v=e1c8c5f3:3521:25)
    at updateFunctionComponent (http://localhost:4321/node_modules/.vite/deps/@astrojs_react_client__js.js?v=e1c8c5f3:5152:19)
    at beginWork (http://localhost:4321/node_modules/.vite/deps/@astrojs_react_client__js.js?v=e1c8c5f3:5763:18)
    at performUnitOfWork (http://localhost:4321/node_modules/.vite/deps/@astrojs_react_client__js.js?v=e1c8c5f3:8568:18)
    at workLoopSync (http://localhost:4321/node_modules/.vite/deps/@astrojs_react_client__js.js?v=e1c8c5f3:8466:41)
    at renderRootSync (http://localhost:4321/node_modules/.vite/deps/@astrojs_react_client__js.js?v=e1c8c5f3:8450:11)
    at performWorkOnRoot (http://localhost:4321/node_modules/.vite/deps/@astrojs_react_client__js.js?v=e1c8c5f3:8125:44)
    at performWorkOnRootViaSchedulerTask (http://localhost:4321/node_modules/.vite/deps/@astrojs_react_client__js.js?v=e1c8c5f3:9129:7)
    at MessagePort.performWorkUntilDeadline (http://localhost:4321/node_modules/.vite/deps/@astrojs_react_client__js.js?v=e1c8c5f3:123:48)
[  237152ms] Failed to fetch dynamically imported module: http://localhost:4321/node_modules/.vite/deps/react-dom_client.js?v=beb85d74
[  243098ms] [ERROR] Failed to load resource: net::ERR_CONNECTION_CLOSED @ https://giscus.app/client.js:0
[ 1032614ms] TypeError: jsxDEV is not a function
    at Timeline (http://localhost:4321/src/components/Resume/Timeline.tsx:29:27)
    at renderWithHooks (http://localhost:4321/node_modules/.vite/deps/@astrojs_react_client__js.js?v=e1c8c5f3:3521:25)
    at updateFunctionComponent (http://localhost:4321/node_modules/.vite/deps/@astrojs_react_client__js.js?v=e1c8c5f3:5152:19)
    at beginWork (http://localhost:4321/node_modules/.vite/deps/@astrojs_react_client__js.js?v=e1c8c5f3:5763:18)
    at performUnitOfWork (http://localhost:4321/node_modules/.vite/deps/@astrojs_react_client__js.js?v=e1c8c5f3:8568:18)
    at workLoopSync (http://localhost:4321/node_modules/.vite/deps/@astrojs_react_client__js.js?v=e1c8c5f3:8466:41)
    at renderRootSync (http://localhost:4321/node_modules/.vite/deps/@astrojs_react_client__js.js?v=e1c8c5f3:8450:11)
    at performWorkOnRoot (http://localhost:4321/node_modules/.vite/deps/@astrojs_react_client__js.js?v=e1c8c5f3:8125:44)
    at performWorkOnRootViaSchedulerTask (http://localhost:4321/node_modules/.vite/deps/@astrojs_react_client__js.js?v=e1c8c5f3:9129:7)
    at MessagePort.performWorkUntilDeadline (http://localhost:4321/node_modules/.vite/deps/@astrojs_react_client__js.js?v=e1c8c5f3:123:48)
[ 1032613ms] [ERROR] Failed to load resource: the server responded with a status of 504 (Outdated Optimize Dep) @ http://localhost:4321/node_modules/.vite/deps/react-dom_client.js?v=beb85d74:0
[ 1032618ms] TypeError: jsxDEV is not a function
    at http://localhost:4321/src/components/Resume/ProjectCard.tsx:33:31
    at Array.map (<anonymous>)
    at ProjectCard (http://localhost:4321/src/components/Resume/ProjectCard.tsx:23:148)
    at renderWithHooks (http://localhost:4321/node_modules/.vite/deps/@astrojs_react_client__js.js?v=e1c8c5f3:3521:25)
    at updateFunctionComponent (http://localhost:4321/node_modules/.vite/deps/@astrojs_react_client__js.js?v=e1c8c5f3:5152:19)
    at beginWork (http://localhost:4321/node_modules/.vite/deps/@astrojs_react_client__js.js?v=e1c8c5f3:5763:18)
    at performUnitOfWork (http://localhost:4321/node_modules/.vite/deps/@astrojs_react_client__js.js?v=e1c8c5f3:8568:18)
    at workLoopSync (http://localhost:4321/node_modules/.vite/deps/@astrojs_react_client__js.js?v=e1c8c5f3:8466:41)
    at renderRootSync (http://localhost:4321/node_modules/.vite/deps/@astrojs_react_client__js.js?v=e1c8c5f3:8450:11)
    at performWorkOnRoot (http://localhost:4321/node_modules/.vite/deps/@astrojs_react_client__js.js?v=e1c8c5f3:8125:44)
[ 1032620ms] TypeError: jsxDEV is not a function
    at RadarChart (http://localhost:4321/src/components/Resume/RadarChart.tsx:50:31)
    at renderWithHooks (http://localhost:4321/node_modules/.vite/deps/@astrojs_react_client__js.js?v=e1c8c5f3:3521:25)
    at updateFunctionComponent (http://localhost:4321/node_modules/.vite/deps/@astrojs_react_client__js.js?v=e1c8c5f3:5152:19)
    at beginWork (http://localhost:4321/node_modules/.vite/deps/@astrojs_react_client__js.js?v=e1c8c5f3:5763:18)
    at performUnitOfWork (http://localhost:4321/node_modules/.vite/deps/@astrojs_react_client__js.js?v=e1c8c5f3:8568:18)
    at workLoopSync (http://localhost:4321/node_modules/.vite/deps/@astrojs_react_client__js.js?v=e1c8c5f3:8466:41)
    at renderRootSync (http://localhost:4321/node_modules/.vite/deps/@astrojs_react_client__js.js?v=e1c8c5f3:8450:11)
    at performWorkOnRoot (http://localhost:4321/node_modules/.vite/deps/@astrojs_react_client__js.js?v=e1c8c5f3:8125:44)
    at performWorkOnRootViaSchedulerTask (http://localhost:4321/node_modules/.vite/deps/@astrojs_react_client__js.js?v=e1c8c5f3:9129:7)
    at MessagePort.performWorkUntilDeadline (http://localhost:4321/node_modules/.vite/deps/@astrojs_react_client__js.js?v=e1c8c5f3:123:48)
[ 1032620ms] Failed to fetch dynamically imported module: http://localhost:4321/node_modules/.vite/deps/react-dom_client.js?v=beb85d74
[ 1032622ms] TypeError: jsxDEV is not a function
    at SkillTree (http://localhost:4321/src/components/Resume/SkillTree.tsx:77:25)
    at renderWithHooks (http://localhost:4321/node_modules/.vite/deps/@astrojs_react_client__js.js?v=e1c8c5f3:3521:25)
    at updateFunctionComponent (http://localhost:4321/node_modules/.vite/deps/@astrojs_react_client__js.js?v=e1c8c5f3:5152:19)
    at beginWork (http://localhost:4321/node_modules/.vite/deps/@astrojs_react_client__js.js?v=e1c8c5f3:5763:18)
    at performUnitOfWork (http://localhost:4321/node_modules/.vite/deps/@astrojs_react_client__js.js?v=e1c8c5f3:8568:18)
    at workLoopSync (http://localhost:4321/node_modules/.vite/deps/@astrojs_react_client__js.js?v=e1c8c5f3:8466:41)
    at renderRootSync (http://localhost:4321/node_modules/.vite/deps/@astrojs_react_client__js.js?v=e1c8c5f3:8450:11)
    at performWorkOnRoot (http://localhost:4321/node_modules/.vite/deps/@astrojs_react_client__js.js?v=e1c8c5f3:8125:44)
    at performWorkOnRootViaSchedulerTask (http://localhost:4321/node_modules/.vite/deps/@astrojs_react_client__js.js?v=e1c8c5f3:9129:7)
    at MessagePort.performWorkUntilDeadline (http://localhost:4321/node_modules/.vite/deps/@astrojs_react_client__js.js?v=e1c8c5f3:123:48)
[ 1036163ms] TypeError: jsxDEV is not a function
    at http://localhost:4321/src/components/Resume/ProjectCard.tsx:33:31
    at Array.map (<anonymous>)
    at ProjectCard (http://localhost:4321/src/components/Resume/ProjectCard.tsx:23:148)
    at renderWithHooks (http://localhost:4321/node_modules/.vite/deps/@astrojs_react_client__js.js?v=e1c8c5f3:3521:25)
    at updateFunctionComponent (http://localhost:4321/node_modules/.vite/deps/@astrojs_react_client__js.js?v=e1c8c5f3:5152:19)
    at beginWork (http://localhost:4321/node_modules/.vite/deps/@astrojs_react_client__js.js?v=e1c8c5f3:5763:18)
    at performUnitOfWork (http://localhost:4321/node_modules/.vite/deps/@astrojs_react_client__js.js?v=e1c8c5f3:8568:18)
    at workLoopSync (http://localhost:4321/node_modules/.vite/deps/@astrojs_react_client__js.js?v=e1c8c5f3:8466:41)
    at renderRootSync (http://localhost:4321/node_modules/.vite/deps/@astrojs_react_client__js.js?v=e1c8c5f3:8450:11)
    at performWorkOnRoot (http://localhost:4321/node_modules/.vite/deps/@astrojs_react_client__js.js?v=e1c8c5f3:8125:44)
[ 1036167ms] [ERROR] Failed to load resource: the server responded with a status of 504 (Outdated Optimize Dep) @ http://localhost:4321/node_modules/.vite/deps/react-dom_client.js?v=beb85d74:0
[ 1036170ms] TypeError: jsxDEV is not a function
    at SkillTree (http://localhost:4321/src/components/Resume/SkillTree.tsx:77:25)
    at renderWithHooks (http://localhost:4321/node_modules/.vite/deps/@astrojs_react_client__js.js?v=e1c8c5f3:3521:25)
    at updateFunctionComponent (http://localhost:4321/node_modules/.vite/deps/@astrojs_react_client__js.js?v=e1c8c5f3:5152:19)
    at beginWork (http://localhost:4321/node_modules/.vite/deps/@astrojs_react_client__js.js?v=e1c8c5f3:5763:18)
    at performUnitOfWork (http://localhost:4321/node_modules/.vite/deps/@astrojs_react_client__js.js?v=e1c8c5f3:8568:18)
    at workLoopSync (http://localhost:4321/node_modules/.vite/deps/@astrojs_react_client__js.js?v=e1c8c5f3:8466:41)
    at renderRootSync (http://localhost:4321/node_modules/.vite/deps/@astrojs_react_client__js.js?v=e1c8c5f3:8450:11)
    at performWorkOnRoot (http://localhost:4321/node_modules/.vite/deps/@astrojs_react_client__js.js?v=e1c8c5f3:8125:44)
    at performWorkOnRootViaSchedulerTask (http://localhost:4321/node_modules/.vite/deps/@astrojs_react_client__js.js?v=e1c8c5f3:9129:7)
    at MessagePort.performWorkUntilDeadline (http://localhost:4321/node_modules/.vite/deps/@astrojs_react_client__js.js?v=e1c8c5f3:123:48)
[ 1036172ms] TypeError: jsxDEV is not a function
    at RadarChart (http://localhost:4321/src/components/Resume/RadarChart.tsx:50:31)
    at renderWithHooks (http://localhost:4321/node_modules/.vite/deps/@astrojs_react_client__js.js?v=e1c8c5f3:3521:25)
    at updateFunctionComponent (http://localhost:4321/node_modules/.vite/deps/@astrojs_react_client__js.js?v=e1c8c5f3:5152:19)
    at beginWork (http://localhost:4321/node_modules/.vite/deps/@astrojs_react_client__js.js?v=e1c8c5f3:5763:18)
    at performUnitOfWork (http://localhost:4321/node_modules/.vite/deps/@astrojs_react_client__js.js?v=e1c8c5f3:8568:18)
    at workLoopSync (http://localhost:4321/node_modules/.vite/deps/@astrojs_react_client__js.js?v=e1c8c5f3:8466:41)
    at renderRootSync (http://localhost:4321/node_modules/.vite/deps/@astrojs_react_client__js.js?v=e1c8c5f3:8450:11)
    at performWorkOnRoot (http://localhost:4321/node_modules/.vite/deps/@astrojs_react_client__js.js?v=e1c8c5f3:8125:44)
    at performWorkOnRootViaSchedulerTask (http://localhost:4321/node_modules/.vite/deps/@astrojs_react_client__js.js?v=e1c8c5f3:9129:7)
    at MessagePort.performWorkUntilDeadline (http://localhost:4321/node_modules/.vite/deps/@astrojs_react_client__js.js?v=e1c8c5f3:123:48)
[ 1036173ms] Failed to fetch dynamically imported module: http://localhost:4321/node_modules/.vite/deps/react-dom_client.js?v=beb85d74
[ 1036173ms] TypeError: jsxDEV is not a function
    at Timeline (http://localhost:4321/src/components/Resume/Timeline.tsx:29:27)
    at renderWithHooks (http://localhost:4321/node_modules/.vite/deps/@astrojs_react_client__js.js?v=e1c8c5f3:3521:25)
    at updateFunctionComponent (http://localhost:4321/node_modules/.vite/deps/@astrojs_react_client__js.js?v=e1c8c5f3:5152:19)
    at beginWork (http://localhost:4321/node_modules/.vite/deps/@astrojs_react_client__js.js?v=e1c8c5f3:5763:18)
    at performUnitOfWork (http://localhost:4321/node_modules/.vite/deps/@astrojs_react_client__js.js?v=e1c8c5f3:8568:18)
    at workLoopSync (http://localhost:4321/node_modules/.vite/deps/@astrojs_react_client__js.js?v=e1c8c5f3:8466:41)
    at renderRootSync (http://localhost:4321/node_modules/.vite/deps/@astrojs_react_client__js.js?v=e1c8c5f3:8450:11)
    at performWorkOnRoot (http://localhost:4321/node_modules/.vite/deps/@astrojs_react_client__js.js?v=e1c8c5f3:8125:44)
    at performWorkOnRootViaSchedulerTask (http://localhost:4321/node_modules/.vite/deps/@astrojs_react_client__js.js?v=e1c8c5f3:9129:7)
    at MessagePort.performWorkUntilDeadline (http://localhost:4321/node_modules/.vite/deps/@astrojs_react_client__js.js?v=e1c8c5f3:123:48)
[ 1037851ms] [ERROR] Failed to load resource: the server responded with a status of 404 () @ https://giscus.app/api/discussions?repo=lovanya%2Flovanya.github.io&term=about&category=Announcements&number=0&strict=false&last=15:0
[ 1037860ms] [ERROR] Failed to load resource: the server responded with a status of 404 () @ https://giscus.app/api/discussions?repo=lovanya%2Flovanya.github.io&term=about&category=Announcements&number=0&strict=false&first=15:0
[ 1037862ms] [WARNING] [giscus] Discussion not found. A new discussion will be created if a comment/reaction is submitted. @ https://giscus.app/client.js:6
[ 1037959ms] [WARNING] [giscus] Discussion not found. A new discussion will be created if a comment/reaction is submitted. @ https://giscus.app/client.js:6
