[    1491ms] [WARNING] Failed to execute 'postMessage' on 'DOMWindow': The target origin provided ('https://giscus.app') does not match the recipient window's origin ('http://localhost:4321'). @ http://localhost:4321/src/components/Comments.astro?astro&type=script&index=0&lang.ts:4
[   36748ms] [ERROR] Failed to load resource: the server responded with a status of 404 () @ https://giscus.app/api/discussions?repo=lovanya%2Flovanya.github.io&term=blog%2Flocal-storage&category=Announcements&number=0&strict=false&first=15:0
[   36752ms] [WARNING] [giscus] Discussion not found. A new discussion will be created if a comment/reaction is submitted. @ https://giscus.app/client.js:6
[   36755ms] [ERROR] Failed to load resource: the server responded with a status of 404 () @ https://giscus.app/api/discussions?repo=lovanya%2Flovanya.github.io&term=blog%2Flocal-storage&category=Announcements&number=0&strict=false&last=15:0
[  104120ms] [WARNING] Failed to execute 'postMessage' on 'DOMWindow': The target origin provided ('https://giscus.app') does not match the recipient window's origin ('http://localhost:4321'). @ http://localhost:4321/src/components/Comments.astro?astro&type=script&index=0&lang.ts:4
[  105769ms] [ERROR] Failed to load resource: the server responded with a status of 404 () @ https://giscus.app/api/discussions?repo=lovanya%2Flovanya.github.io&term=blog%2Flocal-storage&category=Announcements&number=0&strict=false&first=15:0
[  105773ms] [ERROR] Failed to load resource: the server responded with a status of 404 () @ https://giscus.app/api/discussions?repo=lovanya%2Flovanya.github.io&term=blog%2Flocal-storage&category=Announcements&number=0&strict=false&last=15:0
[  105774ms] [WARNING] [giscus] Discussion not found. A new discussion will be created if a comment/reaction is submitted. @ https://giscus.app/client.js:6
[  115172ms] [ERROR] Failed to load resource: the server responded with a status of 404 () @ https://giscus.app/api/discussions?repo=lovanya%2Flovanya.github.io&term=blog%2Flocal-storage&category=Announcements&number=0&strict=false&last=15:0
[  115175ms] [ERROR] Failed to load resource: the server responded with a status of 404 () @ https://giscus.app/api/discussions?repo=lovanya%2Flovanya.github.io&term=blog%2Flocal-storage&category=Announcements&number=0&strict=false&first=15:0
[  115177ms] [WARNING] [giscus] Discussion not found. A new discussion will be created if a comment/reaction is submitted. @ https://giscus.app/client.js:6
[  177548ms] [INFO] %cDownload the React DevTools for a better development experience: https://react.dev/link/react-devtools font-weight:bold @ http://localhost:4321/node_modules/.vite/deps/chunk-5DZLCMER.js?v=de7b96e0:20102
[  177625ms] [ERROR] Failed to load resource: the server responded with a status of 504 (Outdated Optimize Dep) @ http://localhost:4321/node_modules/.vite/deps/react-dom_client.js?v=de7b96e0:0
[  177637ms] Failed to fetch dynamically imported module: http://localhost:4321/node_modules/.vite/deps/react-dom_client.js?v=de7b96e0
[  178501ms] [WARNING] Failed to execute 'postMessage' on 'DOMWindow': The target origin provided ('https://giscus.app') does not match the recipient window's origin ('http://localhost:4321'). @ http://localhost:4321/src/components/Comments.astro?astro&type=script&index=0&lang.ts:4
[  185641ms] [ERROR] Failed to load resource: the server responded with a status of 404 () @ https://giscus.app/api/discussions?repo=lovanya%2Flovanya.github.io&term=about&category=Announcements&number=0&strict=false&first=15:0
[  185645ms] [ERROR] Failed to load resource: the server responded with a status of 404 () @ https://giscus.app/api/discussions?repo=lovanya%2Flovanya.github.io&term=about&category=Announcements&number=0&strict=false&last=15:0
[  185651ms] [WARNING] [giscus] Discussion not found. A new discussion will be created if a comment/reaction is submitted. @ https://giscus.app/client.js:6
[  223612ms] [INFO] %cDownload the React DevTools for a better development experience: https://react.dev/link/react-devtools font-weight:bold @ http://localhost:4321/node_modules/.vite/deps/chunk-5DZLCMER.js?v=de7b96e0:20102
[  223615ms] [ERROR] Failed to load resource: the server responded with a status of 504 (Outdated Optimize Dep) @ http://localhost:4321/node_modules/.vite/deps/react-dom_client.js?v=de7b96e0:0
[  223666ms] Failed to fetch dynamically imported module: http://localhost:4321/node_modules/.vite/deps/react-dom_client.js?v=de7b96e0
[  225044ms] [ERROR] Failed to load resource: the server responded with a status of 404 () @ https://giscus.app/api/discussions?repo=lovanya%2Flovanya.github.io&term=about&category=Announcements&number=0&strict=false&last=15:0
[  225096ms] [ERROR] Failed to load resource: the server responded with a status of 404 () @ https://giscus.app/api/discussions?repo=lovanya%2Flovanya.github.io&term=about&category=Announcements&number=0&strict=false&first=15:0
[  225098ms] [WARNING] [giscus] Discussion not found. A new discussion will be created if a comment/reaction is submitted. @ https://giscus.app/client.js:6
[  225149ms] [WARNING] [giscus] Discussion not found. A new discussion will be created if a comment/reaction is submitted. @ https://giscus.app/client.js:6
[  249504ms] [INFO] %cDownload the React DevTools for a better development experience: https://react.dev/link/react-devtools font-weight:bold @ http://localhost:4321/node_modules/.vite/deps/chunk-5DZLCMER.js?v=de7b96e0:20102
[  250483ms] [WARNING] Failed to execute 'postMessage' on 'DOMWindow': The target origin provided ('https://giscus.app') does not match the recipient window's origin ('http://localhost:4321'). @ http://localhost:4321/src/components/Comments.astro?astro&type=script&index=0&lang.ts:4
[  276595ms] [INFO] %cDownload the React DevTools for a better development experience: https://react.dev/link/react-devtools font-weight:bold @ http://localhost:4321/node_modules/.vite/deps/chunk-5DZLCMER.js?v=de7b96e0:20102
[  278411ms] [ERROR] Failed to load resource: the server responded with a status of 404 () @ https://giscus.app/api/discussions?repo=lovanya%2Flovanya.github.io&term=blog%2Fllm-fundamentals&category=Announcements&number=0&strict=false&last=15:0
[  278428ms] [ERROR] Failed to load resource: the server responded with a status of 404 () @ https://giscus.app/api/discussions?repo=lovanya%2Flovanya.github.io&term=blog%2Fllm-fundamentals&category=Announcements&number=0&strict=false&first=15:0
[  278430ms] [WARNING] [giscus] Discussion not found. A new discussion will be created if a comment/reaction is submitted. @ https://giscus.app/client.js:6
[  278517ms] [WARNING] [giscus] Discussion not found. A new discussion will be created if a comment/reaction is submitted. @ https://giscus.app/client.js:6
[  296642ms] [INFO] %cDownload the React DevTools for a better development experience: https://react.dev/link/react-devtools font-weight:bold @ http://localhost:4321/node_modules/.vite/deps/chunk-5DZLCMER.js?v=de7b96e0:20102
[  297629ms] [INFO] %cDownload the React DevTools for a better development experience: https://react.dev/link/react-devtools font-weight:bold @ http://localhost:4321/node_modules/.vite/deps/chunk-5DZLCMER.js?v=de7b96e0:20102
[  299015ms] [ERROR] Failed to load resource: the server responded with a status of 404 () @ https://giscus.app/api/discussions?repo=lovanya%2Flovanya.github.io&term=blog%2Fllm-fundamentals&category=Announcements&number=0&strict=false&last=15:0
[  299036ms] [ERROR] Failed to load resource: the server responded with a status of 404 () @ https://giscus.app/api/discussions?repo=lovanya%2Flovanya.github.io&term=blog%2Fllm-fundamentals&category=Announcements&number=0&strict=false&first=15:0
[  299039ms] [WARNING] [giscus] Discussion not found. A new discussion will be created if a comment/reaction is submitted. @ https://giscus.app/client.js:6
[  299118ms] [WARNING] [giscus] Discussion not found. A new discussion will be created if a comment/reaction is submitted. @ https://giscus.app/client.js:6
[  302354ms] [INFO] %cDownload the React DevTools for a better development experience: https://react.dev/link/react-devtools font-weight:bold @ http://localhost:4321/node_modules/.vite/deps/chunk-5DZLCMER.js?v=de7b96e0:20102
[  303857ms] [ERROR] Failed to load resource: the server responded with a status of 404 () @ https://giscus.app/api/discussions?repo=lovanya%2Flovanya.github.io&term=blog%2Fllm-fundamentals&category=Announcements&number=0&strict=false&last=15:0
[  303875ms] [ERROR] Failed to load resource: the server responded with a status of 404 () @ https://giscus.app/api/discussions?repo=lovanya%2Flovanya.github.io&term=blog%2Fllm-fundamentals&category=Announcements&number=0&strict=false&first=15:0
[  303879ms] [WARNING] [giscus] Discussion not found. A new discussion will be created if a comment/reaction is submitted. @ https://giscus.app/client.js:6
[  303959ms] [WARNING] [giscus] Discussion not found. A new discussion will be created if a comment/reaction is submitted. @ https://giscus.app/client.js:6
